// Jest Snapshot v1, https://goo.gl/fbAQLP

exports[`should match the snapshot 1`] = `
<table
  className="primes-table"
>
  <tbody>
    <tr />
  </tbody>
</table>
`;
